// Jest Snapshot v1, https://jestjs.io/docs/snapshot-testing

exports[`EditListingDeliveryForm matches snapshot 1`] = `
<DocumentFragment>
  <form
    action="/"
    class="root"
    method="post"
  >
    <div
      class="addImageWrapperEmpty"
    >
      <input
        accept="image/*"
        class="addImageInput"
        id="addImage"
        multiple=""
        name="addImage"
        type="file"
      />
      <label
        class="addImage addImageEmpty"
        for="addImage"
      >
        <span
          class="chooseImageText"
        >
          <svg
            aria-hidden="true"
            class="tileIcon"
            fill="none"
            focusable="false"
            height="28"
            viewBox="0 0 24 24"
            width="28"
          >
            <path
              d="M4 16.5V19a2 2 0 002 2h12a2 2 0 002-2v-2.5M7 9l5-5 5 5M12 4v13"
              stroke="currentColor"
              stroke-linecap="round"
              stroke-linejoin="round"
              stroke-width="1.6"
            />
          </svg>
          <span
            class="chooseImage"
          >
            <span>
              EditListingPhotosForm.chooseImage
            </span>
          </span>
          <span
            class="imageTypes"
          >
            <span>
              EditListingPhotosForm.imageTypes
            </span>
          </span>
        </span>
      </label>
    </div>
    <p
      class="tip"
    >
      <span>
        EditListingPhotosForm.addImagesTip
      </span>
    </p>
    <p
      class="minimumHint"
    >
      <span>
        EditListingPhotosForm.minimumHint
      </span>
    </p>
    <div
      class="actions"
    >
      <span />
      <div
        class="primaryGroup"
      >
        <span
          class="aside"
        >
          <span>
            EditListingPhotosForm.minimumCounter
          </span>
        </span>
        <button
          class="root primaryButton"
          disabled=""
          type="submit"
        >
          Save photos
        </button>
      </div>
    </div>
  </form>
</DocumentFragment>
`;
